Archive member included to satisfy reference by file (symbol)

c:/ac6/systemworkbench/plugins/fr.ac6.mcu.externaltools.arm-none.win32_1.17.0.201812190825/tools/compiler/bin/../lib/gcc/arm-none-eabi/7.3.1/../../../../arm-none-eabi/lib/thumb/v7-m\libc.a(lib_a-errno.o)
                              startup/sysmem.o (__errno)
c:/ac6/systemworkbench/plugins/fr.ac6.mcu.externaltools.arm-none.win32_1.17.0.201812190825/tools/compiler/bin/../lib/gcc/arm-none-eabi/7.3.1/../../../../arm-none-eabi/lib/thumb/v7-m\libc.a(lib_a-exit.o)
                              c:/ac6/systemworkbench/plugins/fr.ac6.mcu.externaltools.arm-none.win32_1.17.0.201812190825/tools/compiler/bin/../lib/gcc/arm-none-eabi/7.3.1/../../../../arm-none-eabi/lib/thumb/v7-m/crt0.o (exit)
c:/ac6/systemworkbench/plugins/fr.ac6.mcu.externaltools.arm-none.win32_1.17.0.201812190825/tools/compiler/bin/../lib/gcc/arm-none-eabi/7.3.1/../../../../arm-none-eabi/lib/thumb/v7-m\libc.a(lib_a-impure.o)
                              c:/ac6/systemworkbench/plugins/fr.ac6.mcu.externaltools.arm-none.win32_1.17.0.201812190825/tools/compiler/bin/../lib/gcc/arm-none-eabi/7.3.1/../../../../arm-none-eabi/lib/thumb/v7-m\libc.a(lib_a-exit.o) (_global_impure_ptr)
c:/ac6/systemworkbench/plugins/fr.ac6.mcu.externaltools.arm-none.win32_1.17.0.201812190825/tools/compiler/bin/../lib/gcc/arm-none-eabi/7.3.1/../../../../arm-none-eabi/lib/thumb/v7-m\libc.a(lib_a-init.o)
                              c:/ac6/systemworkbench/plugins/fr.ac6.mcu.externaltools.arm-none.win32_1.17.0.201812190825/tools/compiler/bin/../lib/gcc/arm-none-eabi/7.3.1/../../../../arm-none-eabi/lib/thumb/v7-m/crt0.o (__libc_init_array)
c:/ac6/systemworkbench/plugins/fr.ac6.mcu.externaltools.arm-none.win32_1.17.0.201812190825/tools/compiler/bin/../lib/gcc/arm-none-eabi/7.3.1/../../../../arm-none-eabi/lib/thumb/v7-m\libc.a(lib_a-memset.o)
                              c:/ac6/systemworkbench/plugins/fr.ac6.mcu.externaltools.arm-none.win32_1.17.0.201812190825/tools/compiler/bin/../lib/gcc/arm-none-eabi/7.3.1/../../../../arm-none-eabi/lib/thumb/v7-m/crt0.o (memset)
c:/ac6/systemworkbench/plugins/fr.ac6.mcu.externaltools.arm-none.win32_1.17.0.201812190825/tools/compiler/bin/../lib/gcc/arm-none-eabi/7.3.1/../../../../arm-none-eabi/lib/thumb/v7-m\libc.a(lib_a-__call_atexit.o)
                              c:/ac6/systemworkbench/plugins/fr.ac6.mcu.externaltools.arm-none.win32_1.17.0.201812190825/tools/compiler/bin/../lib/gcc/arm-none-eabi/7.3.1/../../../../arm-none-eabi/lib/thumb/v7-m\libc.a(lib_a-exit.o) (__call_exitprocs)
c:/ac6/systemworkbench/plugins/fr.ac6.mcu.externaltools.arm-none.win32_1.17.0.201812190825/tools/compiler/bin/../lib/gcc/arm-none-eabi/7.3.1/../../../../arm-none-eabi/lib/thumb/v7-m\libc.a(lib_a-atexit.o)
                              c:/ac6/systemworkbench/plugins/fr.ac6.mcu.externaltools.arm-none.win32_1.17.0.201812190825/tools/compiler/bin/../lib/gcc/arm-none-eabi/7.3.1/../../../../arm-none-eabi/lib/thumb/v7-m\libc.a(lib_a-__call_atexit.o) (atexit)
c:/ac6/systemworkbench/plugins/fr.ac6.mcu.externaltools.arm-none.win32_1.17.0.201812190825/tools/compiler/bin/../lib/gcc/arm-none-eabi/7.3.1/../../../../arm-none-eabi/lib/thumb/v7-m\libc.a(lib_a-fini.o)
                              c:/ac6/systemworkbench/plugins/fr.ac6.mcu.externaltools.arm-none.win32_1.17.0.201812190825/tools/compiler/bin/../lib/gcc/arm-none-eabi/7.3.1/../../../../arm-none-eabi/lib/thumb/v7-m\libc.a(lib_a-__call_atexit.o) (__libc_fini_array)
c:/ac6/systemworkbench/plugins/fr.ac6.mcu.externaltools.arm-none.win32_1.17.0.201812190825/tools/compiler/bin/../lib/gcc/arm-none-eabi/7.3.1/../../../../arm-none-eabi/lib/thumb/v7-m\libc.a(lib_a-lock.o)
                              c:/ac6/systemworkbench/plugins/fr.ac6.mcu.externaltools.arm-none.win32_1.17.0.201812190825/tools/compiler/bin/../lib/gcc/arm-none-eabi/7.3.1/../../../../arm-none-eabi/lib/thumb/v7-m\libc.a(lib_a-__call_atexit.o) (__retarget_lock_acquire_recursive)
c:/ac6/systemworkbench/plugins/fr.ac6.mcu.externaltools.arm-none.win32_1.17.0.201812190825/tools/compiler/bin/../lib/gcc/arm-none-eabi/7.3.1/../../../../arm-none-eabi/lib/thumb/v7-m\libc.a(lib_a-__atexit.o)
                              c:/ac6/systemworkbench/plugins/fr.ac6.mcu.externaltools.arm-none.win32_1.17.0.201812190825/tools/compiler/bin/../lib/gcc/arm-none-eabi/7.3.1/../../../../arm-none-eabi/lib/thumb/v7-m\libc.a(lib_a-atexit.o) (__register_exitproc)

Allocating common symbols
Common symbol       size              file

digit               0x10              src/main.o
__lock___atexit_recursive_mutex
                    0x1               c:/ac6/systemworkbench/plugins/fr.ac6.mcu.externaltools.arm-none.win32_1.17.0.201812190825/tools/compiler/bin/../lib/gcc/arm-none-eabi/7.3.1/../../../../arm-none-eabi/lib/thumb/v7-m\libc.a(lib_a-lock.o)
__lock___arc4random_mutex
                    0x1               c:/ac6/systemworkbench/plugins/fr.ac6.mcu.externaltools.arm-none.win32_1.17.0.201812190825/tools/compiler/bin/../lib/gcc/arm-none-eabi/7.3.1/../../../../arm-none-eabi/lib/thumb/v7-m\libc.a(lib_a-lock.o)
__lock___env_recursive_mutex
                    0x1               c:/ac6/systemworkbench/plugins/fr.ac6.mcu.externaltools.arm-none.win32_1.17.0.201812190825/tools/compiler/bin/../lib/gcc/arm-none-eabi/7.3.1/../../../../arm-none-eabi/lib/thumb/v7-m\libc.a(lib_a-lock.o)
__lock___sinit_recursive_mutex
                    0x1               c:/ac6/systemworkbench/plugins/fr.ac6.mcu.externaltools.arm-none.win32_1.17.0.201812190825/tools/compiler/bin/../lib/gcc/arm-none-eabi/7.3.1/../../../../arm-none-eabi/lib/thumb/v7-m\libc.a(lib_a-lock.o)
__lock___malloc_recursive_mutex
                    0x1               c:/ac6/systemworkbench/plugins/fr.ac6.mcu.externaltools.arm-none.win32_1.17.0.201812190825/tools/compiler/bin/../lib/gcc/arm-none-eabi/7.3.1/../../../../arm-none-eabi/lib/thumb/v7-m\libc.a(lib_a-lock.o)
digitHandler        0x30              src/main.o
timer3Handle        0xc               src/main.o
__lock___at_quick_exit_mutex
                    0x1               c:/ac6/systemworkbench/plugins/fr.ac6.mcu.externaltools.arm-none.win32_1.17.0.201812190825/tools/compiler/bin/../lib/gcc/arm-none-eabi/7.3.1/../../../../arm-none-eabi/lib/thumb/v7-m\libc.a(lib_a-lock.o)
sensorHandler       0x30              src/main.o
__lock___dd_hash_mutex
                    0x1               c:/ac6/systemworkbench/plugins/fr.ac6.mcu.externaltools.arm-none.win32_1.17.0.201812190825/tools/compiler/bin/../lib/gcc/arm-none-eabi/7.3.1/../../../../arm-none-eabi/lib/thumb/v7-m\libc.a(lib_a-lock.o)
__lock___tz_mutex   0x1               c:/ac6/systemworkbench/plugins/fr.ac6.mcu.externaltools.arm-none.win32_1.17.0.201812190825/tools/compiler/bin/../lib/gcc/arm-none-eabi/7.3.1/../../../../arm-none-eabi/lib/thumb/v7-m\libc.a(lib_a-lock.o)
__lock___sfp_recursive_mutex
                    0x1               c:/ac6/systemworkbench/plugins/fr.ac6.mcu.externaltools.arm-none.win32_1.17.0.201812190825/tools/compiler/bin/../lib/gcc/arm-none-eabi/7.3.1/../../../../arm-none-eabi/lib/thumb/v7-m\libc.a(lib_a-lock.o)

Discarded input sections

 .text          0x00000000        0x0 c:/ac6/systemworkbench/plugins/fr.ac6.mcu.externaltools.arm-none.win32_1.17.0.201812190825/tools/compiler/bin/../lib/gcc/arm-none-eabi/7.3.1/thumb/v7-m/crti.o
 .data          0x00000000        0x0 c:/ac6/systemworkbench/plugins/fr.ac6.mcu.externaltools.arm-none.win32_1.17.0.201812190825/tools/compiler/bin/../lib/gcc/arm-none-eabi/7.3.1/thumb/v7-m/crti.o
 .bss           0x00000000        0x0 c:/ac6/systemworkbench/plugins/fr.ac6.mcu.externaltools.arm-none.win32_1.17.0.201812190825/tools/compiler/bin/../lib/gcc/arm-none-eabi/7.3.1/thumb/v7-m/crti.o
 .data          0x00000000        0x4 c:/ac6/systemworkbench/plugins/fr.ac6.mcu.externaltools.arm-none.win32_1.17.0.201812190825/tools/compiler/bin/../lib/gcc/arm-none-eabi/7.3.1/thumb/v7-m/crtbegin.o
 .text          0x00000000       0x74 c:/ac6/systemworkbench/plugins/fr.ac6.mcu.externaltools.arm-none.win32_1.17.0.201812190825/tools/compiler/bin/../lib/gcc/arm-none-eabi/7.3.1/../../../../arm-none-eabi/lib/thumb/v7-m/crt0.o
 .data          0x00000000        0x0 c:/ac6/systemworkbench/plugins/fr.ac6.mcu.externaltools.arm-none.win32_1.17.0.201812190825/tools/compiler/bin/../lib/gcc/arm-none-eabi/7.3.1/../../../../arm-none-eabi/lib/thumb/v7-m/crt0.o
 .bss           0x00000000        0x0 c:/ac6/systemworkbench/plugins/fr.ac6.mcu.externaltools.arm-none.win32_1.17.0.201812190825/tools/compiler/bin/../lib/gcc/arm-none-eabi/7.3.1/../../../../arm-none-eabi/lib/thumb/v7-m/crt0.o
 .ARM.extab     0x00000000        0x0 c:/ac6/systemworkbench/plugins/fr.ac6.mcu.externaltools.arm-none.win32_1.17.0.201812190825/tools/compiler/bin/../lib/gcc/arm-none-eabi/7.3.1/../../../../arm-none-eabi/lib/thumb/v7-m/crt0.o
 .ARM.exidx     0x00000000        0x8 c:/ac6/systemworkbench/plugins/fr.ac6.mcu.externaltools.arm-none.win32_1.17.0.201812190825/tools/compiler/bin/../lib/gcc/arm-none-eabi/7.3.1/../../../../arm-none-eabi/lib/thumb/v7-m/crt0.o
 .ARM.attributes
                0x00000000       0x1b c:/ac6/systemworkbench/plugins/fr.ac6.mcu.externaltools.arm-none.win32_1.17.0.201812190825/tools/compiler/bin/../lib/gcc/arm-none-eabi/7.3.1/../../../../arm-none-eabi/lib/thumb/v7-m/crt0.o
 .group         0x00000000        0xc drivers/.metadata/.plugins/org.eclipse.cdt.make.core/specs.o
 .text          0x00000000        0x0 drivers/.metadata/.plugins/org.eclipse.cdt.make.core/specs.o
 .data          0x00000000        0x0 drivers/.metadata/.plugins/org.eclipse.cdt.make.core/specs.o
 .bss           0x00000000        0x0 drivers/.metadata/.plugins/org.eclipse.cdt.make.core/specs.o
 .debug_info    0x00000000       0x21 drivers/.metadata/.plugins/org.eclipse.cdt.make.core/specs.o
 .debug_abbrev  0x00000000       0x13 drivers/.metadata/.plugins/org.eclipse.cdt.make.core/specs.o
 .debug_aranges
                0x00000000       0x18 drivers/.metadata/.plugins/org.eclipse.cdt.make.core/specs.o
 .debug_macro   0x00000000       0x11 drivers/.metadata/.plugins/org.eclipse.cdt.make.core/specs.o
 .debug_macro   0x00000000      0xa60 drivers/.metadata/.plugins/org.eclipse.cdt.make.core/specs.o
 .debug_line    0x00000000       0x60 drivers/.metadata/.plugins/org.eclipse.cdt.make.core/specs.o
 .debug_str     0x00000000     0x2ce7 drivers/.metadata/.plugins/org.eclipse.cdt.make.core/specs.o
 .comment       0x00000000       0x80 drivers/.metadata/.plugins/org.eclipse.cdt.make.core/specs.o
 .ARM.attributes
                0x00000000       0x33 drivers/.metadata/.plugins/org.eclipse.cdt.make.core/specs.o
 .group         0x00000000        0xc drivers/src/stm32f103c8t6_gpio_driver.o
 .group         0x00000000        0xc drivers/src/stm32f103c8t6_gpio_driver.o
 .group         0x00000000        0xc drivers/src/stm32f103c8t6_gpio_driver.o
 .group         0x00000000        0xc drivers/src/stm32f103c8t6_gpio_driver.o
 .group         0x00000000        0xc drivers/src/stm32f103c8t6_gpio_driver.o
 .group         0x00000000        0xc drivers/src/stm32f103c8t6_gpio_driver.o
 .group         0x00000000        0xc drivers/src/stm32f103c8t6_gpio_driver.o
 .group         0x00000000        0xc drivers/src/stm32f103c8t6_gpio_driver.o
 .group         0x00000000        0xc drivers/src/stm32f103c8t6_gpio_driver.o
 .text          0x00000000        0x0 drivers/src/stm32f103c8t6_gpio_driver.o
 .text.GPIO_ReadFromInput
                0x00000000       0x32 drivers/src/stm32f103c8t6_gpio_driver.o
 .text.GPIO_ToggleOutputPin
                0x00000000       0x5e drivers/src/stm32f103c8t6_gpio_driver.o
 .debug_macro   0x00000000      0xa60 drivers/src/stm32f103c8t6_gpio_driver.o
 .group         0x00000000        0xc drivers/src/stm32f103c8t6_timer_driver.o
 .group         0x00000000        0xc drivers/src/stm32f103c8t6_timer_driver.o
 .group         0x00000000        0xc drivers/src/stm32f103c8t6_timer_driver.o
 .group         0x00000000        0xc drivers/src/stm32f103c8t6_timer_driver.o
 .group         0x00000000        0xc drivers/src/stm32f103c8t6_timer_driver.o
 .group         0x00000000        0xc drivers/src/stm32f103c8t6_timer_driver.o
 .group         0x00000000        0xc drivers/src/stm32f103c8t6_timer_driver.o
 .group         0x00000000        0xc drivers/src/stm32f103c8t6_timer_driver.o
 .group         0x00000000        0xc drivers/src/stm32f103c8t6_timer_driver.o
 .group         0x00000000        0xc drivers/src/stm32f103c8t6_timer_driver.o
 .group         0x00000000        0xc drivers/src/stm32f103c8t6_timer_driver.o
 .group         0x00000000        0xc drivers/src/stm32f103c8t6_timer_driver.o
 .group         0x00000000        0xc drivers/src/stm32f103c8t6_timer_driver.o
 .group         0x00000000        0xc drivers/src/stm32f103c8t6_timer_driver.o
 .group         0x00000000        0xc drivers/src/stm32f103c8t6_timer_driver.o
 .group         0x00000000        0xc drivers/src/stm32f103c8t6_timer_driver.o
 .group         0x00000000        0xc drivers/src/stm32f103c8t6_timer_driver.o
 .group         0x00000000        0xc drivers/src/stm32f103c8t6_timer_driver.o
 .group         0x00000000        0xc drivers/src/stm32f103c8t6_timer_driver.o
 .group         0x00000000        0xc drivers/src/stm32f103c8t6_timer_driver.o
 .group         0x00000000        0xc drivers/src/stm32f103c8t6_timer_driver.o
 .group         0x00000000        0xc drivers/src/stm32f103c8t6_timer_driver.o
 .text          0x00000000        0x0 drivers/src/stm32f103c8t6_timer_driver.o
 .data          0x00000000        0x0 drivers/src/stm32f103c8t6_timer_driver.o
 .bss           0x00000000        0x0 drivers/src/stm32f103c8t6_timer_driver.o
 .text.TIM6_7_Init
                0x00000000      0x100 drivers/src/stm32f103c8t6_timer_driver.o
 .debug_macro   0x00000000      0xa60 drivers/src/stm32f103c8t6_timer_driver.o
 .debug_macro   0x00000000       0x22 drivers/src/stm32f103c8t6_timer_driver.o
 .debug_macro   0x00000000       0x8e drivers/src/stm32f103c8t6_timer_driver.o
 .debug_macro   0x00000000       0x51 drivers/src/stm32f103c8t6_timer_driver.o
 .debug_macro   0x00000000       0xef drivers/src/stm32f103c8t6_timer_driver.o
 .debug_macro   0x00000000       0x6a drivers/src/stm32f103c8t6_timer_driver.o
 .debug_macro   0x00000000      0x1df drivers/src/stm32f103c8t6_timer_driver.o
 .debug_macro   0x00000000      0x1df drivers/src/stm32f103c8t6_timer_driver.o
 .group         0x00000000        0xc src/main.o
 .group         0x00000000        0xc src/main.o
 .group         0x00000000        0xc src/main.o
 .group         0x00000000        0xc src/main.o
 .group         0x00000000        0xc src/main.o
 .group         0x00000000        0xc src/main.o
 .group         0x00000000        0xc src/main.o
 .group         0x00000000        0xc src/main.o
 .group         0x00000000        0xc src/main.o
 .group         0x00000000        0xc src/main.o
 .group         0x00000000        0xc src/main.o
 .group         0x00000000        0xc src/main.o
 .group         0x00000000        0xc src/main.o
 .group         0x00000000        0xc src/main.o
 .group         0x00000000        0xc src/main.o
 .group         0x00000000        0xc src/main.o
 .group         0x00000000        0xc src/main.o
 .group         0x00000000        0xc src/main.o
 .group         0x00000000        0xc src/main.o
 .group         0x00000000        0xc src/main.o
 .group         0x00000000        0xc src/main.o
 .group         0x00000000        0xc src/main.o
 .group         0x00000000        0xc src/main.o
 .text          0x00000000        0x0 src/main.o
 .debug_macro   0x00000000      0xa60 src/main.o
 .debug_macro   0x00000000       0x22 src/main.o
 .debug_macro   0x00000000       0x8e src/main.o
 .debug_macro   0x00000000       0x51 src/main.o
 .debug_macro   0x00000000       0xef src/main.o
 .debug_macro   0x00000000       0x6a src/main.o
 .debug_macro   0x00000000      0x1df src/main.o
 .debug_macro   0x00000000      0x1df src/main.o
 .debug_macro   0x00000000       0xac src/main.o
 .debug_macro   0x00000000       0x5e src/main.o
 .debug_macro   0x00000000       0x18 src/main.o
 .debug_macro   0x00000000       0x35 src/main.o
 .debug_macro   0x00000000       0x34 src/main.o
 .debug_macro   0x00000000      0x174 src/main.o
 .debug_macro   0x00000000       0x58 src/main.o
 .debug_macro   0x00000000       0x1f src/main.o
 .debug_macro   0x00000000       0x43 src/main.o
 .debug_macro   0x00000000       0x20 src/main.o
 .debug_macro   0x00000000      0x18e src/main.o
 .debug_macro   0x00000000      0x330 src/main.o
 .debug_macro   0x00000000       0x10 src/main.o
 .debug_macro   0x00000000       0x35 src/main.o
 .text          0x00000000       0x14 startup/startup_stm32.o
 .data          0x00000000        0x0 startup/startup_stm32.o
 .bss           0x00000000        0x0 startup/startup_stm32.o
 .group         0x00000000        0xc startup/sysmem.o
 .group         0x00000000        0xc startup/sysmem.o
 .group         0x00000000        0xc startup/sysmem.o
 .group         0x00000000        0xc startup/sysmem.o
 .group         0x00000000        0xc startup/sysmem.o
 .group         0x00000000        0xc startup/sysmem.o
 .group         0x00000000        0xc startup/sysmem.o
 .group         0x00000000        0xc startup/sysmem.o
 .group         0x00000000        0xc startup/sysmem.o
 .group         0x00000000        0xc startup/sysmem.o
 .group         0x00000000        0xc startup/sysmem.o
 .group         0x00000000        0xc startup/sysmem.o
 .group         0x00000000        0xc startup/sysmem.o
 .group         0x00000000        0xc startup/sysmem.o
 .group         0x00000000        0xc startup/sysmem.o
 .group         0x00000000        0xc startup/sysmem.o
 .group         0x00000000        0xc startup/sysmem.o
 .group         0x00000000        0xc startup/sysmem.o
 .group         0x00000000        0xc startup/sysmem.o
 .group         0x00000000        0xc startup/sysmem.o
 .group         0x00000000        0xc startup/sysmem.o
 .group         0x00000000        0xc startup/sysmem.o
 .group         0x00000000        0xc startup/sysmem.o
 .group         0x00000000        0xc startup/sysmem.o
 .group         0x00000000        0xc startup/sysmem.o
 .group         0x00000000        0xc startup/sysmem.o
 .group         0x00000000        0xc startup/sysmem.o
 .group         0x00000000        0xc startup/sysmem.o
 .group         0x00000000        0xc startup/sysmem.o
 .group         0x00000000        0xc startup/sysmem.o
 .group         0x00000000        0xc startup/sysmem.o
 .group         0x00000000        0xc startup/sysmem.o
 .text          0x00000000        0x0 startup/sysmem.o
 .data          0x00000000        0x0 startup/sysmem.o
 .bss           0x00000000        0x4 startup/sysmem.o
 .text._sbrk    0x00000000       0x58 startup/sysmem.o
 .debug_info    0x00000000      0x92c startup/sysmem.o
 .debug_abbrev  0x00000000      0x1f1 startup/sysmem.o
 .debug_aranges
                0x00000000       0x20 startup/sysmem.o
 .debug_ranges  0x00000000       0x10 startup/sysmem.o
 .debug_macro   0x00000000      0x1ae startup/sysmem.o
 .debug_macro   0x00000000      0xa60 startup/sysmem.o
 .debug_macro   0x00000000       0x10 startup/sysmem.o
 .debug_macro   0x00000000       0x22 startup/sysmem.o
 .debug_macro   0x00000000       0x58 startup/sysmem.o
 .debug_macro   0x00000000       0x18 startup/sysmem.o
 .debug_macro   0x00000000       0x94 startup/sysmem.o
 .debug_macro   0x00000000       0x35 startup/sysmem.o
 .debug_macro   0x00000000       0x34 startup/sysmem.o
 .debug_macro   0x00000000      0x174 startup/sysmem.o
 .debug_macro   0x00000000       0x57 startup/sysmem.o
 .debug_macro   0x00000000       0x58 startup/sysmem.o
 .debug_macro   0x00000000       0x1f startup/sysmem.o
 .debug_macro   0x00000000       0x43 startup/sysmem.o
 .debug_macro   0x00000000       0x20 startup/sysmem.o
 .debug_macro   0x00000000      0x18e startup/sysmem.o
 .debug_macro   0x00000000      0x23b startup/sysmem.o
 .debug_macro   0x00000000       0x16 startup/sysmem.o
 .debug_macro   0x00000000       0x35 startup/sysmem.o
 .debug_macro   0x00000000      0x330 startup/sysmem.o
 .debug_macro   0x00000000       0x10 startup/sysmem.o
 .debug_macro   0x00000000       0x10 startup/sysmem.o
 .debug_macro   0x00000000       0x6a startup/sysmem.o
 .debug_macro   0x00000000       0x1c startup/sysmem.o
 .debug_macro   0x00000000       0x52 startup/sysmem.o
 .debug_macro   0x00000000       0x40 startup/sysmem.o
 .debug_macro   0x00000000       0x10 startup/sysmem.o
 .debug_macro   0x00000000       0x40 startup/sysmem.o
 .debug_macro   0x00000000       0xd7 startup/sysmem.o
 .debug_macro   0x00000000       0x1c startup/sysmem.o
 .debug_macro   0x00000000       0x3d startup/sysmem.o
 .debug_macro   0x00000000       0x16 startup/sysmem.o
 .debug_macro   0x00000000      0x16f startup/sysmem.o
 .debug_line    0x00000000      0x3e6 startup/sysmem.o
 .debug_str     0x00000000     0x778d startup/sysmem.o
 .comment       0x00000000       0x80 startup/sysmem.o
 .debug_frame   0x00000000       0x34 startup/sysmem.o
 .ARM.attributes
                0x00000000       0x33 startup/sysmem.o
 .text          0x00000000        0x0 c:/ac6/systemworkbench/plugins/fr.ac6.mcu.externaltools.arm-none.win32_1.17.0.201812190825/tools/compiler/bin/../lib/gcc/arm-none-eabi/7.3.1/../../../../arm-none-eabi/lib/thumb/v7-m\libc.a(lib_a-errno.o)
 .data          0x00000000        0x0 c:/ac6/systemworkbench/plugins/fr.ac6.mcu.externaltools.arm-none.win32_1.17.0.201812190825/tools/compiler/bin/../lib/gcc/arm-none-eabi/7.3.1/../../../../arm-none-eabi/lib/thumb/v7-m\libc.a(lib_a-errno.o)
 .bss           0x00000000        0x0 c:/ac6/systemworkbench/plugins/fr.ac6.mcu.externaltools.arm-none.win32_1.17.0.201812190825/tools/compiler/bin/../lib/gcc/arm-none-eabi/7.3.1/../../../../arm-none-eabi/lib/thumb/v7-m\libc.a(lib_a-errno.o)
 .text.__errno  0x00000000        0xc c:/ac6/systemworkbench/plugins/fr.ac6.mcu.externaltools.arm-none.win32_1.17.0.201812190825/tools/compiler/bin/../lib/gcc/arm-none-eabi/7.3.1/../../../../arm-none-eabi/lib/thumb/v7-m\libc.a(lib_a-errno.o)
 .debug_frame   0x00000000       0x20 c:/ac6/systemworkbench/plugins/fr.ac6.mcu.externaltools.arm-none.win32_1.17.0.201812190825/tools/compiler/bin/../lib/gcc/arm-none-eabi/7.3.1/../../../../arm-none-eabi/lib/thumb/v7-m\libc.a(lib_a-errno.o)
 .ARM.attributes
                0x00000000       0x2d c:/ac6/systemworkbench/plugins/fr.ac6.mcu.externaltools.arm-none.win32_1.17.0.201812190825/tools/compiler/bin/../lib/gcc/arm-none-eabi/7.3.1/../../../../arm-none-eabi/lib/thumb/v7-m\libc.a(lib_a-errno.o)
 .text          0x00000000        0x0 c:/ac6/systemworkbench/plugins/fr.ac6.mcu.externaltools.arm-none.win32_1.17.0.201812190825/tools/compiler/bin/../lib/gcc/arm-none-eabi/7.3.1/../../../../arm-none-eabi/lib/thumb/v7-m\libc.a(lib_a-exit.o)
 .data          0x00000000        0x0 c:/ac6/systemworkbench/plugins/fr.ac6.mcu.externaltools.arm-none.win32_1.17.0.201812190825/tools/compiler/bin/../lib/gcc/arm-none-eabi/7.3.1/../../../../arm-none-eabi/lib/thumb/v7-m\libc.a(lib_a-exit.o)
 .bss           0x00000000        0x0 c:/ac6/systemworkbench/plugins/fr.ac6.mcu.externaltools.arm-none.win32_1.17.0.201812190825/tools/compiler/bin/../lib/gcc/arm-none-eabi/7.3.1/../../../../arm-none-eabi/lib/thumb/v7-m\libc.a(lib_a-exit.o)
 .text.exit     0x00000000       0x20 c:/ac6/systemworkbench/plugins/fr.ac6.mcu.externaltools.arm-none.win32_1.17.0.201812190825/tools/compiler/bin/../lib/gcc/arm-none-eabi/7.3.1/../../../../arm-none-eabi/lib/thumb/v7-m\libc.a(lib_a-exit.o)
 .debug_frame   0x00000000       0x28 c:/ac6/systemworkbench/plugins/fr.ac6.mcu.externaltools.arm-none.win32_1.17.0.201812190825/tools/compiler/bin/../lib/gcc/arm-none-eabi/7.3.1/../../../../arm-none-eabi/lib/thumb/v7-m\libc.a(lib_a-exit.o)
 .ARM.attributes
                0x00000000       0x2d c:/ac6/systemworkbench/plugins/fr.ac6.mcu.externaltools.arm-none.win32_1.17.0.201812190825/tools/compiler/bin/../lib/gcc/arm-none-eabi/7.3.1/../../../../arm-none-eabi/lib/thumb/v7-m\libc.a(lib_a-exit.o)
 .text          0x00000000        0x0 c:/ac6/systemworkbench/plugins/fr.ac6.mcu.externaltools.arm-none.win32_1.17.0.201812190825/tools/compiler/bin/../lib/gcc/arm-none-eabi/7.3.1/../../../../arm-none-eabi/lib/thumb/v7-m\libc.a(lib_a-impure.o)
 .data          0x00000000        0x0 c:/ac6/systemworkbench/plugins/fr.ac6.mcu.externaltools.arm-none.win32_1.17.0.201812190825/tools/compiler/bin/../lib/gcc/arm-none-eabi/7.3.1/../../../../arm-none-eabi/lib/thumb/v7-m\libc.a(lib_a-impure.o)
 .bss           0x00000000        0x0 c:/ac6/systemworkbench/plugins/fr.ac6.mcu.externaltools.arm-none.win32_1.17.0.201812190825/tools/compiler/bin/../lib/gcc/arm-none-eabi/7.3.1/../../../../arm-none-eabi/lib/thumb/v7-m\libc.a(lib_a-impure.o)
 .data._impure_ptr
                0x00000000        0x4 c:/ac6/systemworkbench/plugins/fr.ac6.mcu.externaltools.arm-none.win32_1.17.0.201812190825/tools/compiler/bin/../lib/gcc/arm-none-eabi/7.3.1/../../../../arm-none-eabi/lib/thumb/v7-m\libc.a(lib_a-impure.o)
 .text          0x00000000        0x0 c:/ac6/systemworkbench/plugins/fr.ac6.mcu.externaltools.arm-none.win32_1.17.0.201812190825/tools/compiler/bin/../lib/gcc/arm-none-eabi/7.3.1/../../../../arm-none-eabi/lib/thumb/v7-m\libc.a(lib_a-init.o)
 .data          0x00000000        0x0 c:/ac6/systemworkbench/plugins/fr.ac6.mcu.externaltools.arm-none.win32_1.17.0.201812190825/tools/compiler/bin/../lib/gcc/arm-none-eabi/7.3.1/../../../../arm-none-eabi/lib/thumb/v7-m\libc.a(lib_a-init.o)
 .bss           0x00000000        0x0 c:/ac6/systemworkbench/plugins/fr.ac6.mcu.externaltools.arm-none.win32_1.17.0.201812190825/tools/compiler/bin/../lib/gcc/arm-none-eabi/7.3.1/../../../../arm-none-eabi/lib/thumb/v7-m\libc.a(lib_a-init.o)
 .text          0x00000000        0x0 c:/ac6/systemworkbench/plugins/fr.ac6.mcu.externaltools.arm-none.win32_1.17.0.201812190825/tools/compiler/bin/../lib/gcc/arm-none-eabi/7.3.1/../../../../arm-none-eabi/lib/thumb/v7-m\libc.a(lib_a-memset.o)
 .data          0x00000000        0x0 c:/ac6/systemworkbench/plugins/fr.ac6.mcu.externaltools.arm-none.win32_1.17.0.201812190825/tools/compiler/bin/../lib/gcc/arm-none-eabi/7.3.1/../../../../arm-none-eabi/lib/thumb/v7-m\libc.a(lib_a-memset.o)
 .bss           0x00000000        0x0 c:/ac6/systemworkbench/plugins/fr.ac6.mcu.externaltools.arm-none.win32_1.17.0.201812190825/tools/compiler/bin/../lib/gcc/arm-none-eabi/7.3.1/../../../../arm-none-eabi/lib/thumb/v7-m\libc.a(lib_a-memset.o)
 .text          0x00000000        0x0 c:/ac6/systemworkbench/plugins/fr.ac6.mcu.externaltools.arm-none.win32_1.17.0.201812190825/tools/compiler/bin/../lib/gcc/arm-none-eabi/7.3.1/../../../../arm-none-eabi/lib/thumb/v7-m\libc.a(lib_a-__call_atexit.o)
 .data          0x00000000        0x0 c:/ac6/systemworkbench/plugins/fr.ac6.mcu.externaltools.arm-none.win32_1.17.0.201812190825/tools/compiler/bin/../lib/gcc/arm-none-eabi/7.3.1/../../../../arm-none-eabi/lib/thumb/v7-m\libc.a(lib_a-__call_atexit.o)
 .bss           0x00000000        0x0 c:/ac6/systemworkbench/plugins/fr.ac6.mcu.externaltools.arm-none.win32_1.17.0.201812190825/tools/compiler/bin/../lib/gcc/arm-none-eabi/7.3.1/../../../../arm-none-eabi/lib/thumb/v7-m\libc.a(lib_a-__call_atexit.o)
 .text.__call_exitprocs
                0x00000000       0xe8 c:/ac6/systemworkbench/plugins/fr.ac6.mcu.externaltools.arm-none.win32_1.17.0.201812190825/tools/compiler/bin/../lib/gcc/arm-none-eabi/7.3.1/../../../../arm-none-eabi/lib/thumb/v7-m\libc.a(lib_a-__call_atexit.o)
 .text          0x00000000        0x0 c:/ac6/systemworkbench/plugins/fr.ac6.mcu.externaltools.arm-none.win32_1.17.0.201812190825/tools/compiler/bin/../lib/gcc/arm-none-eabi/7.3.1/../../../../arm-none-eabi/lib/thumb/v7-m\libc.a(lib_a-atexit.o)
 .data          0x00000000        0x0 c:/ac6/systemworkbench/plugins/fr.ac6.mcu.externaltools.arm-none.win32_1.17.0.201812190825/tools/compiler/bin/../lib/gcc/arm-none-eabi/7.3.1/../../../../arm-none-eabi/lib/thumb/v7-m\libc.a(lib_a-atexit.o)
 .bss           0x00000000        0x0 c:/ac6/systemworkbench/plugins/fr.ac6.mcu.externaltools.arm-none.win32_1.17.0.201812190825/tools/compiler/bin/../lib/gcc/arm-none-eabi/7.3.1/../../../../arm-none-eabi/lib/thumb/v7-m\libc.a(lib_a-atexit.o)
 .text          0x00000000        0x0 c:/ac6/systemworkbench/plugins/fr.ac6.mcu.externaltools.arm-none.win32_1.17.0.201812190825/tools/compiler/bin/../lib/gcc/arm-none-eabi/7.3.1/../../../../arm-none-eabi/lib/thumb/v7-m\libc.a(lib_a-fini.o)
 .data          0x00000000        0x0 c:/ac6/systemworkbench/plugins/fr.ac6.mcu.externaltools.arm-none.win32_1.17.0.201812190825/tools/compiler/bin/../lib/gcc/arm-none-eabi/7.3.1/../../../../arm-none-eabi/lib/thumb/v7-m\libc.a(lib_a-fini.o)
 .bss           0x00000000        0x0 c:/ac6/systemworkbench/plugins/fr.ac6.mcu.externaltools.arm-none.win32_1.17.0.201812190825/tools/compiler/bin/../lib/gcc/arm-none-eabi/7.3.1/../../../../arm-none-eabi/lib/thumb/v7-m\libc.a(lib_a-fini.o)
 .text          0x00000000        0x0 c:/ac6/systemworkbench/plugins/fr.ac6.mcu.externaltools.arm-none.win32_1.17.0.201812190825/tools/compiler/bin/../lib/gcc/arm-none-eabi/7.3.1/../../../../arm-none-eabi/lib/thumb/v7-m\libc.a(lib_a-lock.o)
 .data          0x00000000        0x0 c:/ac6/systemworkbench/plugins/fr.ac6.mcu.externaltools.arm-none.win32_1.17.0.201812190825/tools/compiler/bin/../lib/gcc/arm-none-eabi/7.3.1/../../../../arm-none-eabi/lib/thumb/v7-m\libc.a(lib_a-lock.o)
 .bss           0x00000000        0x0 c:/ac6/systemworkbench/plugins/fr.ac6.mcu.externaltools.arm-none.win32_1.17.0.201812190825/tools/compiler/bin/../lib/gcc/arm-none-eabi/7.3.1/../../../../arm-none-eabi/lib/thumb/v7-m\libc.a(lib_a-lock.o)
 .text.__retarget_lock_init
                0x00000000        0x4 c:/ac6/systemworkbench/plugins/fr.ac6.mcu.externaltools.arm-none.win32_1.17.0.201812190825/tools/compiler/bin/../lib/gcc/arm-none-eabi/7.3.1/../../../../arm-none-eabi/lib/thumb/v7-m\libc.a(lib_a-lock.o)
 .text.__retarget_lock_init_recursive
                0x00000000        0x4 c:/ac6/systemworkbench/plugins/fr.ac6.mcu.externaltools.arm-none.win32_1.17.0.201812190825/tools/compiler/bin/../lib/gcc/arm-none-eabi/7.3.1/../../../../arm-none-eabi/lib/thumb/v7-m\libc.a(lib_a-lock.o)
 .text.__retarget_lock_close
                0x00000000        0x4 c:/ac6/systemworkbench/plugins/fr.ac6.mcu.externaltools.arm-none.win32_1.17.0.201812190825/tools/compiler/bin/../lib/gcc/arm-none-eabi/7.3.1/../../../../arm-none-eabi/lib/thumb/v7-m\libc.a(lib_a-lock.o)
 .text.__retarget_lock_close_recursive
                0x00000000        0x4 c:/ac6/systemworkbench/plugins/fr.ac6.mcu.externaltools.arm-none.win32_1.17.0.201812190825/tools/compiler/bin/../lib/gcc/arm-none-eabi/7.3.1/../../../../arm-none-eabi/lib/thumb/v7-m\libc.a(lib_a-lock.o)
 .text.__retarget_lock_acquire
                0x00000000        0x4 c:/ac6/systemworkbench/plugins/fr.ac6.mcu.externaltools.arm-none.win32_1.17.0.201812190825/tools/compiler/bin/../lib/gcc/arm-none-eabi/7.3.1/../../../../arm-none-eabi/lib/thumb/v7-m\libc.a(lib_a-lock.o)
 .text.__retarget_lock_try_acquire
                0x00000000        0x4 c:/ac6/systemworkbench/plugins/fr.ac6.mcu.externaltools.arm-none.win32_1.17.0.201812190825/tools/compiler/bin/../lib/gcc/arm-none-eabi/7.3.1/../../../../arm-none-eabi/lib/thumb/v7-m\libc.a(lib_a-lock.o)
 .text.__retarget_lock_try_acquire_recursive
                0x00000000        0x4 c:/ac6/systemworkbench/plugins/fr.ac6.mcu.externaltools.arm-none.win32_1.17.0.201812190825/tools/compiler/bin/../lib/gcc/arm-none-eabi/7.3.1/../../../../arm-none-eabi/lib/thumb/v7-m\libc.a(lib_a-lock.o)
 .text.__retarget_lock_release
                0x00000000        0x4 c:/ac6/systemworkbench/plugins/fr.ac6.mcu.externaltools.arm-none.win32_1.17.0.201812190825/tools/compiler/bin/../lib/gcc/arm-none-eabi/7.3.1/../../../../arm-none-eabi/lib/thumb/v7-m\libc.a(lib_a-lock.o)
 .text          0x00000000        0x0 c:/ac6/systemworkbench/plugins/fr.ac6.mcu.externaltools.arm-none.win32_1.17.0.201812190825/tools/compiler/bin/../lib/gcc/arm-none-eabi/7.3.1/../../../../arm-none-eabi/lib/thumb/v7-m\libc.a(lib_a-__atexit.o)
 .data          0x00000000        0x0 c:/ac6/systemworkbench/plugins/fr.ac6.mcu.externaltools.arm-none.win32_1.17.0.201812190825/tools/compiler/bin/../lib/gcc/arm-none-eabi/7.3.1/../../../../arm-none-eabi/lib/thumb/v7-m\libc.a(lib_a-__atexit.o)
 .bss           0x00000000        0x0 c:/ac6/systemworkbench/plugins/fr.ac6.mcu.externaltools.arm-none.win32_1.17.0.201812190825/tools/compiler/bin/../lib/gcc/arm-none-eabi/7.3.1/../../../../arm-none-eabi/lib/thumb/v7-m\libc.a(lib_a-__atexit.o)
 .text          0x00000000        0x0 c:/ac6/systemworkbench/plugins/fr.ac6.mcu.externaltools.arm-none.win32_1.17.0.201812190825/tools/compiler/bin/../lib/gcc/arm-none-eabi/7.3.1/thumb/v7-m/crtend.o
 .data          0x00000000        0x0 c:/ac6/systemworkbench/plugins/fr.ac6.mcu.externaltools.arm-none.win32_1.17.0.201812190825/tools/compiler/bin/../lib/gcc/arm-none-eabi/7.3.1/thumb/v7-m/crtend.o
 .bss           0x00000000        0x0 c:/ac6/systemworkbench/plugins/fr.ac6.mcu.externaltools.arm-none.win32_1.17.0.201812190825/tools/compiler/bin/../lib/gcc/arm-none-eabi/7.3.1/thumb/v7-m/crtend.o
 .eh_frame      0x00000000        0x4 c:/ac6/systemworkbench/plugins/fr.ac6.mcu.externaltools.arm-none.win32_1.17.0.201812190825/tools/compiler/bin/../lib/gcc/arm-none-eabi/7.3.1/thumb/v7-m/crtend.o
 .ARM.attributes
                0x00000000       0x2d c:/ac6/systemworkbench/plugins/fr.ac6.mcu.externaltools.arm-none.win32_1.17.0.201812190825/tools/compiler/bin/../lib/gcc/arm-none-eabi/7.3.1/thumb/v7-m/crtend.o
 .text          0x00000000        0x0 c:/ac6/systemworkbench/plugins/fr.ac6.mcu.externaltools.arm-none.win32_1.17.0.201812190825/tools/compiler/bin/../lib/gcc/arm-none-eabi/7.3.1/thumb/v7-m/crtn.o
 .data          0x00000000        0x0 c:/ac6/systemworkbench/plugins/fr.ac6.mcu.externaltools.arm-none.win32_1.17.0.201812190825/tools/compiler/bin/../lib/gcc/arm-none-eabi/7.3.1/thumb/v7-m/crtn.o
 .bss           0x00000000        0x0 c:/ac6/systemworkbench/plugins/fr.ac6.mcu.externaltools.arm-none.win32_1.17.0.201812190825/tools/compiler/bin/../lib/gcc/arm-none-eabi/7.3.1/thumb/v7-m/crtn.o

Memory Configuration

Name             Origin             Length             Attributes
RAM              0x20000000         0x00005000         xrw
ROM              0x08000000         0x00010000         xr
*default*        0x00000000         0xffffffff

Linker script and memory map

LOAD c:/ac6/systemworkbench/plugins/fr.ac6.mcu.externaltools.arm-none.win32_1.17.0.201812190825/tools/compiler/bin/../lib/gcc/arm-none-eabi/7.3.1/thumb/v7-m/crti.o
LOAD c:/ac6/systemworkbench/plugins/fr.ac6.mcu.externaltools.arm-none.win32_1.17.0.201812190825/tools/compiler/bin/../lib/gcc/arm-none-eabi/7.3.1/thumb/v7-m/crtbegin.o
LOAD c:/ac6/systemworkbench/plugins/fr.ac6.mcu.externaltools.arm-none.win32_1.17.0.201812190825/tools/compiler/bin/../lib/gcc/arm-none-eabi/7.3.1/../../../../arm-none-eabi/lib/thumb/v7-m/crt0.o
LOAD drivers/.metadata/.plugins/org.eclipse.cdt.make.core/specs.o
LOAD drivers/src/stm32f103c8t6_gpio_driver.o
LOAD drivers/src/stm32f103c8t6_timer_driver.o
LOAD src/main.o
LOAD startup/startup_stm32.o
LOAD startup/sysmem.o
LOAD c:/ac6/systemworkbench/plugins/fr.ac6.mcu.externaltools.arm-none.win32_1.17.0.201812190825/tools/compiler/bin/../lib/gcc/arm-none-eabi/7.3.1/../../../../arm-none-eabi/lib/thumb/v7-m\libm.a
START GROUP
LOAD c:/ac6/systemworkbench/plugins/fr.ac6.mcu.externaltools.arm-none.win32_1.17.0.201812190825/tools/compiler/bin/../lib/gcc/arm-none-eabi/7.3.1/thumb/v7-m\libgcc.a
LOAD c:/ac6/systemworkbench/plugins/fr.ac6.mcu.externaltools.arm-none.win32_1.17.0.201812190825/tools/compiler/bin/../lib/gcc/arm-none-eabi/7.3.1/../../../../arm-none-eabi/lib/thumb/v7-m\libc.a
END GROUP
LOAD c:/ac6/systemworkbench/plugins/fr.ac6.mcu.externaltools.arm-none.win32_1.17.0.201812190825/tools/compiler/bin/../lib/gcc/arm-none-eabi/7.3.1/thumb/v7-m/crtend.o
LOAD c:/ac6/systemworkbench/plugins/fr.ac6.mcu.externaltools.arm-none.win32_1.17.0.201812190825/tools/compiler/bin/../lib/gcc/arm-none-eabi/7.3.1/thumb/v7-m/crtn.o
                0x20005000                _estack = 0x20005000
                0x00000000                _Min_Heap_Size = 0x0
                0x00000400                _Min_Stack_Size = 0x400

.isr_vector     0x08000000      0x130
                0x08000000                . = ALIGN (0x4)
 *(.isr_vector)
 .isr_vector    0x08000000      0x130 startup/startup_stm32.o
                0x08000000                g_pfnVectors
                0x08000130                . = ALIGN (0x4)

.text           0x08000130      0xd44
                0x08000130                . = ALIGN (0x4)
 *(.text)
 .text          0x08000130       0x40 c:/ac6/systemworkbench/plugins/fr.ac6.mcu.externaltools.arm-none.win32_1.17.0.201812190825/tools/compiler/bin/../lib/gcc/arm-none-eabi/7.3.1/thumb/v7-m/crtbegin.o
 *(.text*)
 .text.GPIO_Init
                0x08000170      0x1a4 drivers/src/stm32f103c8t6_gpio_driver.o
                0x08000170                GPIO_Init
 .text.GPIO_WriteToOutput
                0x08000314       0x46 drivers/src/stm32f103c8t6_gpio_driver.o
                0x08000314                GPIO_WriteToOutput
 *fill*         0x0800035a        0x2 
 .text.SSEG_SetDigit
                0x0800035c       0xe0 drivers/src/stm32f103c8t6_gpio_driver.o
                0x0800035c                SSEG_SetDigit
 .text.IRQ_Config
                0x0800043c       0xfc drivers/src/stm32f103c8t6_gpio_driver.o
                0x0800043c                IRQ_Config
 .text.GPIO_IRQHandling
                0x08000538       0x3a drivers/src/stm32f103c8t6_gpio_driver.o
                0x08000538                GPIO_IRQHandling
 *fill*         0x08000572        0x2 
 .text.GPIO_IRQ_EXTI_Init
                0x08000574       0x7c drivers/src/stm32f103c8t6_gpio_driver.o
                0x08000574                GPIO_IRQ_EXTI_Init
 .text.TIM2_5_Init
                0x080005f0      0x100 drivers/src/stm32f103c8t6_timer_driver.o
                0x080005f0                TIM2_5_Init
 .text.TimerHandling
                0x080006f0       0x22 drivers/src/stm32f103c8t6_timer_driver.o
                0x080006f0                TimerHandling
 .text.SensorHandling
                0x08000712       0x2a drivers/src/stm32f103c8t6_timer_driver.o
                0x08000712                SensorHandling
 .text.main     0x0800073c      0x27c src/main.o
                0x0800073c                main
 .text.TIM3_IRQHandler
                0x080009b8       0x50 src/main.o
                0x080009b8                TIM3_IRQHandler
 .text.EXTI15_10_IRQHandler
                0x08000a08       0x80 src/main.o
                0x08000a08                EXTI15_10_IRQHandler
 .text.TIM2_IRQHandler
                0x08000a88       0x60 src/main.o
                0x08000a88                TIM2_IRQHandler
 .text.DATA_Handler
                0x08000ae8       0xa8 src/main.o
                0x08000ae8                DATA_Handler
 .text.SENSOR_Handling
                0x08000b90       0x80 src/main.o
                0x08000b90                SENSOR_Handling
 .text.Reset_Handler
                0x08000c10       0x50 startup/startup_stm32.o
                0x08000c10                Reset_Handler
 .text.Default_Handler
                0x08000c60        0x2 startup/startup_stm32.o
                0x08000c60                EXTI2_IRQHandler
                0x08000c60                TIM8_TRG_COM_IRQHandler
                0x08000c60                TIM8_CC_IRQHandler
                0x08000c60                DebugMon_Handler
                0x08000c60                TIM1_CC_IRQHandler
                0x08000c60                HardFault_Handler
                0x08000c60                TIM6_IRQHandler
                0x08000c60                SysTick_Handler
                0x08000c60                PVD_IRQHandler
                0x08000c60                SDIO_IRQHandler
                0x08000c60                PendSV_Handler
                0x08000c60                NMI_Handler
                0x08000c60                EXTI3_IRQHandler
                0x08000c60                USB_HP_CAN_TX_IRQHandler
                0x08000c60                EXTI0_IRQHandler
                0x08000c60                I2C2_EV_IRQHandler
                0x08000c60                UsageFault_Handler
                0x08000c60                ADC1_2_IRQHandler
                0x08000c60                SPI1_IRQHandler
                0x08000c60                CAN_SCE_IRQHandler
                0x08000c60                TAMPER_IRQHandler
                0x08000c60                TIM8_UP_IRQHandler
                0x08000c60                DMA2_Channel2_IRQHandler
                0x08000c60                DMA1_Channel4_IRQHandler
                0x08000c60                USART3_IRQHandler
                0x08000c60                RTC_IRQHandler
                0x08000c60                DMA1_Channel7_IRQHandler
                0x08000c60                UART5_IRQHandler
                0x08000c60                ADC3_IRQHandler
                0x08000c60                TIM4_IRQHandler
                0x08000c60                CAN_RX1_IRQHandler
                0x08000c60                DMA2_Channel1_IRQHandler
                0x08000c60                I2C1_EV_IRQHandler
                0x08000c60                DMA1_Channel6_IRQHandler
                0x08000c60                UART4_IRQHandler
                0x08000c60                RCC_IRQHandler
                0x08000c60                TIM1_TRG_COM_IRQHandler
                0x08000c60                DMA1_Channel1_IRQHandler
                0x08000c60                Default_Handler
                0x08000c60                TIM7_IRQHandler
                0x08000c60                TIM5_IRQHandler
                0x08000c60                EXTI9_5_IRQHandler
                0x08000c60                SPI2_IRQHandler
                0x08000c60                USB_LP_CAN_RX0_IRQHandler
                0x08000c60                MemManage_Handler
                0x08000c60                SVC_Handler
                0x08000c60                DMA1_Channel5_IRQHandler
                0x08000c60                EXTI4_IRQHandler
                0x08000c60                DMA1_Channel3_IRQHandler
                0x08000c60                FSMC_IRQHandler
                0x08000c60                TIM1_UP_IRQHandler
                0x08000c60                WWDG_IRQHandler
                0x08000c60                TIM1_BRK_IRQHandler
                0x08000c60                EXTI1_IRQHandler
                0x08000c60                RTCAlarm_IRQHandler
                0x08000c60                DMA2_Channel4_5_IRQHandler
                0x08000c60                USART2_IRQHandler
                0x08000c60                I2C2_ER_IRQHandler
                0x08000c60                DMA1_Channel2_IRQHandler
                0x08000c60                TIM8_BRK_IRQHandler
                0x08000c60                FLASH_IRQHandler
                0x08000c60                BusFault_Handler
                0x08000c60                USART1_IRQHandler
                0x08000c60                SPI3_IRQHandler
                0x08000c60                I2C1_ER_IRQHandler
                0x08000c60                DMA2_Channel3_IRQHandler
 *fill*         0x08000c62        0x2 
 .text.__libc_init_array
                0x08000c64       0x48 c:/ac6/systemworkbench/plugins/fr.ac6.mcu.externaltools.arm-none.win32_1.17.0.201812190825/tools/compiler/bin/../lib/gcc/arm-none-eabi/7.3.1/../../../../arm-none-eabi/lib/thumb/v7-m\libc.a(lib_a-init.o)
                0x08000c64                __libc_init_array
 .text.memset   0x08000cac       0x94 c:/ac6/systemworkbench/plugins/fr.ac6.mcu.externaltools.arm-none.win32_1.17.0.201812190825/tools/compiler/bin/../lib/gcc/arm-none-eabi/7.3.1/../../../../arm-none-eabi/lib/thumb/v7-m\libc.a(lib_a-memset.o)
                0x08000cac                memset
 .text.startup.register_fini
                0x08000d40       0x14 c:/ac6/systemworkbench/plugins/fr.ac6.mcu.externaltools.arm-none.win32_1.17.0.201812190825/tools/compiler/bin/../lib/gcc/arm-none-eabi/7.3.1/../../../../arm-none-eabi/lib/thumb/v7-m\libc.a(lib_a-__call_atexit.o)
 .text.atexit   0x08000d54        0xc c:/ac6/systemworkbench/plugins/fr.ac6.mcu.externaltools.arm-none.win32_1.17.0.201812190825/tools/compiler/bin/../lib/gcc/arm-none-eabi/7.3.1/../../../../arm-none-eabi/lib/thumb/v7-m\libc.a(lib_a-atexit.o)
                0x08000d54                atexit
 .text.__libc_fini_array
                0x08000d60       0x34 c:/ac6/systemworkbench/plugins/fr.ac6.mcu.externaltools.arm-none.win32_1.17.0.201812190825/tools/compiler/bin/../lib/gcc/arm-none-eabi/7.3.1/../../../../arm-none-eabi/lib/thumb/v7-m\libc.a(lib_a-fini.o)
                0x08000d60                __libc_fini_array
 .text.__retarget_lock_acquire_recursive
                0x08000d94        0x4 c:/ac6/systemworkbench/plugins/fr.ac6.mcu.externaltools.arm-none.win32_1.17.0.201812190825/tools/compiler/bin/../lib/gcc/arm-none-eabi/7.3.1/../../../../arm-none-eabi/lib/thumb/v7-m\libc.a(lib_a-lock.o)
                0x08000d94                __retarget_lock_acquire_recursive
 .text.__retarget_lock_release_recursive
                0x08000d98        0x4 c:/ac6/systemworkbench/plugins/fr.ac6.mcu.externaltools.arm-none.win32_1.17.0.201812190825/tools/compiler/bin/../lib/gcc/arm-none-eabi/7.3.1/../../../../arm-none-eabi/lib/thumb/v7-m\libc.a(lib_a-lock.o)
                0x08000d98                __retarget_lock_release_recursive
 .text.__register_exitproc
                0x08000d9c       0xc0 c:/ac6/systemworkbench/plugins/fr.ac6.mcu.externaltools.arm-none.win32_1.17.0.201812190825/tools/compiler/bin/../lib/gcc/arm-none-eabi/7.3.1/../../../../arm-none-eabi/lib/thumb/v7-m\libc.a(lib_a-__atexit.o)
                0x08000d9c                __register_exitproc
 *(.glue_7)
 .glue_7        0x08000e5c        0x0 linker stubs
 *(.glue_7t)
 .glue_7t       0x08000e5c        0x0 linker stubs
 *(.eh_frame)
 .eh_frame      0x08000e5c        0x0 c:/ac6/systemworkbench/plugins/fr.ac6.mcu.externaltools.arm-none.win32_1.17.0.201812190825/tools/compiler/bin/../lib/gcc/arm-none-eabi/7.3.1/thumb/v7-m/crtbegin.o
 *(.init)
 .init          0x08000e5c        0x4 c:/ac6/systemworkbench/plugins/fr.ac6.mcu.externaltools.arm-none.win32_1.17.0.201812190825/tools/compiler/bin/../lib/gcc/arm-none-eabi/7.3.1/thumb/v7-m/crti.o
                0x08000e5c                _init
 .init          0x08000e60        0x8 c:/ac6/systemworkbench/plugins/fr.ac6.mcu.externaltools.arm-none.win32_1.17.0.201812190825/tools/compiler/bin/../lib/gcc/arm-none-eabi/7.3.1/thumb/v7-m/crtn.o
 *(.fini)
 .fini          0x08000e68        0x4 c:/ac6/systemworkbench/plugins/fr.ac6.mcu.externaltools.arm-none.win32_1.17.0.201812190825/tools/compiler/bin/../lib/gcc/arm-none-eabi/7.3.1/thumb/v7-m/crti.o
                0x08000e68                _fini
 .fini          0x08000e6c        0x8 c:/ac6/systemworkbench/plugins/fr.ac6.mcu.externaltools.arm-none.win32_1.17.0.201812190825/tools/compiler/bin/../lib/gcc/arm-none-eabi/7.3.1/thumb/v7-m/crtn.o
                0x08000e74                . = ALIGN (0x4)
                0x08000e74                _etext = .

.vfp11_veneer   0x08000e74        0x0
 .vfp11_veneer  0x08000e74        0x0 linker stubs

.v4_bx          0x08000e74        0x0
 .v4_bx         0x08000e74        0x0 linker stubs

.iplt           0x08000e74        0x0
 .iplt          0x08000e74        0x0 c:/ac6/systemworkbench/plugins/fr.ac6.mcu.externaltools.arm-none.win32_1.17.0.201812190825/tools/compiler/bin/../lib/gcc/arm-none-eabi/7.3.1/thumb/v7-m/crtbegin.o

.rodata         0x08000e74       0x2c
                0x08000e74                . = ALIGN (0x4)
 *(.rodata)
 .rodata        0x08000e74       0x26 src/main.o
                0x08000e74                pinout
                0x08000e7c                digitPins
                0x08000e80                sensorPins
                0x08000e84                numbers
 *(.rodata*)
 *fill*         0x08000e9a        0x2 
 .rodata._global_impure_ptr
                0x08000e9c        0x4 c:/ac6/systemworkbench/plugins/fr.ac6.mcu.externaltools.arm-none.win32_1.17.0.201812190825/tools/compiler/bin/../lib/gcc/arm-none-eabi/7.3.1/../../../../arm-none-eabi/lib/thumb/v7-m\libc.a(lib_a-impure.o)
                0x08000e9c                _global_impure_ptr
                0x08000ea0                . = ALIGN (0x4)

.rel.dyn        0x08000ea0        0x0
 .rel.iplt      0x08000ea0        0x0 c:/ac6/systemworkbench/plugins/fr.ac6.mcu.externaltools.arm-none.win32_1.17.0.201812190825/tools/compiler/bin/../lib/gcc/arm-none-eabi/7.3.1/thumb/v7-m/crtbegin.o

.ARM.extab      0x08000ea0        0x0
                0x08000ea0                . = ALIGN (0x4)
 *(.ARM.extab* .gnu.linkonce.armextab.*)
                0x08000ea0                . = ALIGN (0x4)

.ARM            0x08000ea0        0x0
                0x08000ea0                . = ALIGN (0x4)
                0x08000ea0                __exidx_start = .
 *(.ARM.exidx*)
                0x08000ea0                __exidx_end = .
                0x08000ea0                . = ALIGN (0x4)

.preinit_array  0x08000ea0        0x0
                0x08000ea0                . = ALIGN (0x4)
                0x08000ea0                PROVIDE (__preinit_array_start = .)
 *(.preinit_array*)
                0x08000ea0                PROVIDE (__preinit_array_end = .)
                0x08000ea0                . = ALIGN (0x4)

.init_array     0x08000ea0        0x8
                0x08000ea0                . = ALIGN (0x4)
                0x08000ea0                PROVIDE (__init_array_start = .)
 *(SORT_BY_NAME(.init_array.*))
 .init_array.00000
                0x08000ea0        0x4 c:/ac6/systemworkbench/plugins/fr.ac6.mcu.externaltools.arm-none.win32_1.17.0.201812190825/tools/compiler/bin/../lib/gcc/arm-none-eabi/7.3.1/../../../../arm-none-eabi/lib/thumb/v7-m\libc.a(lib_a-__call_atexit.o)
 *(.init_array*)
 .init_array    0x08000ea4        0x4 c:/ac6/systemworkbench/plugins/fr.ac6.mcu.externaltools.arm-none.win32_1.17.0.201812190825/tools/compiler/bin/../lib/gcc/arm-none-eabi/7.3.1/thumb/v7-m/crtbegin.o
                0x08000ea8                PROVIDE (__init_array_end = .)
                0x08000ea8                . = ALIGN (0x4)

.fini_array     0x08000ea8        0x4
                0x08000ea8                . = ALIGN (0x4)
                0x08000ea8                PROVIDE (__fini_array_start = .)
 *(SORT_BY_NAME(.fini_array.*))
 *(.fini_array*)
 .fini_array    0x08000ea8        0x4 c:/ac6/systemworkbench/plugins/fr.ac6.mcu.externaltools.arm-none.win32_1.17.0.201812190825/tools/compiler/bin/../lib/gcc/arm-none-eabi/7.3.1/thumb/v7-m/crtbegin.o
                0x08000eac                PROVIDE (__fini_array_end = .)
                0x08000eac                . = ALIGN (0x4)
                0x08000eac                _sidata = LOADADDR (.data)

.data           0x20000000      0x434 load address 0x08000eac
                0x20000000                . = ALIGN (0x4)
                0x20000000                _sdata = .
 *(.data)
 .data          0x20000000        0x5 drivers/src/stm32f103c8t6_gpio_driver.o
 .data          0x20000005        0x1 src/main.o
                0x20000005                temp
 *(.data*)
 *fill*         0x20000006        0x2 
 .data.impure_data
                0x20000008      0x428 c:/ac6/systemworkbench/plugins/fr.ac6.mcu.externaltools.arm-none.win32_1.17.0.201812190825/tools/compiler/bin/../lib/gcc/arm-none-eabi/7.3.1/../../../../arm-none-eabi/lib/thumb/v7-m\libc.a(lib_a-impure.o)
 .data.__atexit_recursive_mutex
                0x20000430        0x4 c:/ac6/systemworkbench/plugins/fr.ac6.mcu.externaltools.arm-none.win32_1.17.0.201812190825/tools/compiler/bin/../lib/gcc/arm-none-eabi/7.3.1/../../../../arm-none-eabi/lib/thumb/v7-m\libc.a(lib_a-__call_atexit.o)
                0x20000430                __atexit_recursive_mutex
                0x20000434                . = ALIGN (0x4)
                0x20000434                _edata = .

.igot.plt       0x20000434        0x0 load address 0x080012e0
 .igot.plt      0x20000434        0x0 c:/ac6/systemworkbench/plugins/fr.ac6.mcu.externaltools.arm-none.win32_1.17.0.201812190825/tools/compiler/bin/../lib/gcc/arm-none-eabi/7.3.1/thumb/v7-m/crtbegin.o
                0x20000434                . = ALIGN (0x4)

.bss            0x20000434       0xcc load address 0x080012e0
                0x20000434                _sbss = .
                0x20000434                __bss_start__ = _sbss
 *(.bss)
 .bss           0x20000434       0x1c c:/ac6/systemworkbench/plugins/fr.ac6.mcu.externaltools.arm-none.win32_1.17.0.201812190825/tools/compiler/bin/../lib/gcc/arm-none-eabi/7.3.1/thumb/v7-m/crtbegin.o
 .bss           0x20000450        0x1 drivers/src/stm32f103c8t6_gpio_driver.o
 *fill*         0x20000451        0x3 
 .bss           0x20000454        0xb src/main.o
                0x20000454                data
                0x20000458                result
                0x2000045e                var
 *(.bss*)
 *(COMMON)
 *fill*         0x2000045f        0x1 
 COMMON         0x20000460       0x7c src/main.o
                0x20000460                digit
                0x20000470                digitHandler
                0x200004a0                timer3Handle
                0x200004ac                sensorHandler
 COMMON         0x200004dc       0x21 c:/ac6/systemworkbench/plugins/fr.ac6.mcu.externaltools.arm-none.win32_1.17.0.201812190825/tools/compiler/bin/../lib/gcc/arm-none-eabi/7.3.1/../../../../arm-none-eabi/lib/thumb/v7-m\libc.a(lib_a-lock.o)
                0x200004dc                __lock___atexit_recursive_mutex
                0x200004e0                __lock___arc4random_mutex
                0x200004e4                __lock___env_recursive_mutex
                0x200004e8                __lock___sinit_recursive_mutex
                0x200004ec                __lock___malloc_recursive_mutex
                0x200004f0                __lock___at_quick_exit_mutex
                0x200004f4                __lock___dd_hash_mutex
                0x200004f8                __lock___tz_mutex
                0x200004fc                __lock___sfp_recursive_mutex
                0x20000500                . = ALIGN (0x4)
 *fill*         0x200004fd        0x3 
                0x20000500                _ebss = .
                0x20000500                __bss_end__ = _ebss

._user_heap_stack
                0x20000500      0x400 load address 0x080012e0
                0x20000500                . = ALIGN (0x8)
                0x20000500                PROVIDE (end = .)
                [!provide]                PROVIDE (_end = .)
                0x20000500                . = (. + _Min_Heap_Size)
                0x20000900                . = (. + _Min_Stack_Size)
 *fill*         0x20000500      0x400 
                0x20000900                . = ALIGN (0x8)

/DISCARD/
 libc.a(*)
 libm.a(*)
 libgcc.a(*)

.ARM.attributes
                0x00000000       0x29
 *(.ARM.attributes)
 .ARM.attributes
                0x00000000       0x1d c:/ac6/systemworkbench/plugins/fr.ac6.mcu.externaltools.arm-none.win32_1.17.0.201812190825/tools/compiler/bin/../lib/gcc/arm-none-eabi/7.3.1/thumb/v7-m/crti.o
 .ARM.attributes
                0x0000001d       0x2d c:/ac6/systemworkbench/plugins/fr.ac6.mcu.externaltools.arm-none.win32_1.17.0.201812190825/tools/compiler/bin/../lib/gcc/arm-none-eabi/7.3.1/thumb/v7-m/crtbegin.o
 .ARM.attributes
                0x0000004a       0x33 drivers/src/stm32f103c8t6_gpio_driver.o
 .ARM.attributes
                0x0000007d       0x33 drivers/src/stm32f103c8t6_timer_driver.o
 .ARM.attributes
                0x000000b0       0x33 src/main.o
 .ARM.attributes
                0x000000e3       0x21 startup/startup_stm32.o
 .ARM.attributes
                0x00000104       0x2d c:/ac6/systemworkbench/plugins/fr.ac6.mcu.externaltools.arm-none.win32_1.17.0.201812190825/tools/compiler/bin/../lib/gcc/arm-none-eabi/7.3.1/../../../../arm-none-eabi/lib/thumb/v7-m\libc.a(lib_a-impure.o)
 .ARM.attributes
                0x00000131       0x2d c:/ac6/systemworkbench/plugins/fr.ac6.mcu.externaltools.arm-none.win32_1.17.0.201812190825/tools/compiler/bin/../lib/gcc/arm-none-eabi/7.3.1/../../../../arm-none-eabi/lib/thumb/v7-m\libc.a(lib_a-init.o)
 .ARM.attributes
                0x0000015e       0x2d c:/ac6/systemworkbench/plugins/fr.ac6.mcu.externaltools.arm-none.win32_1.17.0.201812190825/tools/compiler/bin/../lib/gcc/arm-none-eabi/7.3.1/../../../../arm-none-eabi/lib/thumb/v7-m\libc.a(lib_a-memset.o)
 .ARM.attributes
                0x0000018b       0x2d c:/ac6/systemworkbench/plugins/fr.ac6.mcu.externaltools.arm-none.win32_1.17.0.201812190825/tools/compiler/bin/../lib/gcc/arm-none-eabi/7.3.1/../../../../arm-none-eabi/lib/thumb/v7-m\libc.a(lib_a-__call_atexit.o)
 .ARM.attributes
                0x000001b8       0x2d c:/ac6/systemworkbench/plugins/fr.ac6.mcu.externaltools.arm-none.win32_1.17.0.201812190825/tools/compiler/bin/../lib/gcc/arm-none-eabi/7.3.1/../../../../arm-none-eabi/lib/thumb/v7-m\libc.a(lib_a-atexit.o)
 .ARM.attributes
                0x000001e5       0x2d c:/ac6/systemworkbench/plugins/fr.ac6.mcu.externaltools.arm-none.win32_1.17.0.201812190825/tools/compiler/bin/../lib/gcc/arm-none-eabi/7.3.1/../../../../arm-none-eabi/lib/thumb/v7-m\libc.a(lib_a-fini.o)
 .ARM.attributes
                0x00000212       0x2d c:/ac6/systemworkbench/plugins/fr.ac6.mcu.externaltools.arm-none.win32_1.17.0.201812190825/tools/compiler/bin/../lib/gcc/arm-none-eabi/7.3.1/../../../../arm-none-eabi/lib/thumb/v7-m\libc.a(lib_a-lock.o)
 .ARM.attributes
                0x0000023f       0x2d c:/ac6/systemworkbench/plugins/fr.ac6.mcu.externaltools.arm-none.win32_1.17.0.201812190825/tools/compiler/bin/../lib/gcc/arm-none-eabi/7.3.1/../../../../arm-none-eabi/lib/thumb/v7-m\libc.a(lib_a-__atexit.o)
 .ARM.attributes
                0x0000026c       0x1d c:/ac6/systemworkbench/plugins/fr.ac6.mcu.externaltools.arm-none.win32_1.17.0.201812190825/tools/compiler/bin/../lib/gcc/arm-none-eabi/7.3.1/thumb/v7-m/crtn.o
OUTPUT(Counter_of_area.elf elf32-littlearm)

.debug_info     0x00000000     0x1fc8
 .debug_info    0x00000000      0x48d drivers/src/stm32f103c8t6_gpio_driver.o
 .debug_info    0x0000048d      0xcca drivers/src/stm32f103c8t6_timer_driver.o
 .debug_info    0x00001157      0xe4f src/main.o
 .debug_info    0x00001fa6       0x22 startup/startup_stm32.o

.debug_abbrev   0x00000000      0x526
 .debug_abbrev  0x00000000      0x109 drivers/src/stm32f103c8t6_gpio_driver.o
 .debug_abbrev  0x00000109      0x1b1 drivers/src/stm32f103c8t6_timer_driver.o
 .debug_abbrev  0x000002ba      0x25a src/main.o
 .debug_abbrev  0x00000514       0x12 startup/startup_stm32.o

.debug_aranges  0x00000000      0x100
 .debug_aranges
                0x00000000       0x58 drivers/src/stm32f103c8t6_gpio_driver.o
 .debug_aranges
                0x00000058       0x38 drivers/src/stm32f103c8t6_timer_driver.o
 .debug_aranges
                0x00000090       0x48 src/main.o
 .debug_aranges
                0x000000d8       0x28 startup/startup_stm32.o

.debug_ranges   0x00000000       0xc8
 .debug_ranges  0x00000000       0x48 drivers/src/stm32f103c8t6_gpio_driver.o
 .debug_ranges  0x00000048       0x28 drivers/src/stm32f103c8t6_timer_driver.o
 .debug_ranges  0x00000070       0x38 src/main.o
 .debug_ranges  0x000000a8       0x20 startup/startup_stm32.o

.debug_macro    0x00000000     0x137c
 .debug_macro   0x00000000       0x87 drivers/src/stm32f103c8t6_gpio_driver.o
 .debug_macro   0x00000087       0x22 drivers/src/stm32f103c8t6_gpio_driver.o
 .debug_macro   0x000000a9       0x8e drivers/src/stm32f103c8t6_gpio_driver.o
 .debug_macro   0x00000137       0x51 drivers/src/stm32f103c8t6_gpio_driver.o
 .debug_macro   0x00000188       0xef drivers/src/stm32f103c8t6_gpio_driver.o
 .debug_macro   0x00000277       0x6a drivers/src/stm32f103c8t6_gpio_driver.o
 .debug_macro   0x000002e1      0x1df drivers/src/stm32f103c8t6_gpio_driver.o
 .debug_macro   0x000004c0      0x1df drivers/src/stm32f103c8t6_gpio_driver.o
 .debug_macro   0x0000069f       0xac drivers/src/stm32f103c8t6_gpio_driver.o
 .debug_macro   0x0000074b      0x142 drivers/src/stm32f103c8t6_timer_driver.o
 .debug_macro   0x0000088d       0xb2 drivers/src/stm32f103c8t6_timer_driver.o
 .debug_macro   0x0000093f       0x5e drivers/src/stm32f103c8t6_timer_driver.o
 .debug_macro   0x0000099d       0x18 drivers/src/stm32f103c8t6_timer_driver.o
 .debug_macro   0x000009b5       0x35 drivers/src/stm32f103c8t6_timer_driver.o
 .debug_macro   0x000009ea       0x34 drivers/src/stm32f103c8t6_timer_driver.o
 .debug_macro   0x00000a1e      0x174 drivers/src/stm32f103c8t6_timer_driver.o
 .debug_macro   0x00000b92       0x58 drivers/src/stm32f103c8t6_timer_driver.o
 .debug_macro   0x00000bea       0x1f drivers/src/stm32f103c8t6_timer_driver.o
 .debug_macro   0x00000c09       0x43 drivers/src/stm32f103c8t6_timer_driver.o
 .debug_macro   0x00000c4c       0x20 drivers/src/stm32f103c8t6_timer_driver.o
 .debug_macro   0x00000c6c      0x18e drivers/src/stm32f103c8t6_timer_driver.o
 .debug_macro   0x00000dfa      0x330 drivers/src/stm32f103c8t6_timer_driver.o
 .debug_macro   0x0000112a       0x10 drivers/src/stm32f103c8t6_timer_driver.o
 .debug_macro   0x0000113a       0x35 drivers/src/stm32f103c8t6_timer_driver.o
 .debug_macro   0x0000116f      0x155 src/main.o
 .debug_macro   0x000012c4       0xb8 src/main.o

.debug_line     0x00000000      0xebf
 .debug_line    0x00000000      0x47e drivers/src/stm32f103c8t6_gpio_driver.o
 .debug_line    0x0000047e      0x451 drivers/src/stm32f103c8t6_timer_driver.o
 .debug_line    0x000008cf      0x574 src/main.o
 .debug_line    0x00000e43       0x7c startup/startup_stm32.o

.debug_str      0x00000000     0x7acc
 .debug_str     0x00000000     0x47e1 drivers/src/stm32f103c8t6_gpio_driver.o
                               0x4962 (size before relaxing)
 .debug_str     0x000047e1     0x31b7 drivers/src/stm32f103c8t6_timer_driver.o
                               0x7729 (size before relaxing)
 .debug_str     0x00007998      0x10b src/main.o
                               0x7a4b (size before relaxing)
 .debug_str     0x00007aa3       0x29 startup/startup_stm32.o
                                 0x65 (size before relaxing)

.comment        0x00000000       0x7f
 .comment       0x00000000       0x7f drivers/src/stm32f103c8t6_gpio_driver.o
                                 0x80 (size before relaxing)
 .comment       0x0000007f       0x80 drivers/src/stm32f103c8t6_timer_driver.o
 .comment       0x0000007f       0x80 src/main.o

.debug_frame    0x00000000      0x4cc
 .debug_frame   0x00000000      0x150 drivers/src/stm32f103c8t6_gpio_driver.o
 .debug_frame   0x00000150       0xb0 drivers/src/stm32f103c8t6_timer_driver.o
 .debug_frame   0x00000200       0xd4 src/main.o
 .debug_frame   0x000002d4       0x2c c:/ac6/systemworkbench/plugins/fr.ac6.mcu.externaltools.arm-none.win32_1.17.0.201812190825/tools/compiler/bin/../lib/gcc/arm-none-eabi/7.3.1/../../../../arm-none-eabi/lib/thumb/v7-m\libc.a(lib_a-init.o)
 .debug_frame   0x00000300       0x38 c:/ac6/systemworkbench/plugins/fr.ac6.mcu.externaltools.arm-none.win32_1.17.0.201812190825/tools/compiler/bin/../lib/gcc/arm-none-eabi/7.3.1/../../../../arm-none-eabi/lib/thumb/v7-m\libc.a(lib_a-memset.o)
 .debug_frame   0x00000338       0x5c c:/ac6/systemworkbench/plugins/fr.ac6.mcu.externaltools.arm-none.win32_1.17.0.201812190825/tools/compiler/bin/../lib/gcc/arm-none-eabi/7.3.1/../../../../arm-none-eabi/lib/thumb/v7-m\libc.a(lib_a-__call_atexit.o)
 .debug_frame   0x00000394       0x20 c:/ac6/systemworkbench/plugins/fr.ac6.mcu.externaltools.arm-none.win32_1.17.0.201812190825/tools/compiler/bin/../lib/gcc/arm-none-eabi/7.3.1/../../../../arm-none-eabi/lib/thumb/v7-m\libc.a(lib_a-atexit.o)
 .debug_frame   0x000003b4       0x34 c:/ac6/systemworkbench/plugins/fr.ac6.mcu.externaltools.arm-none.win32_1.17.0.201812190825/tools/compiler/bin/../lib/gcc/arm-none-eabi/7.3.1/../../../../arm-none-eabi/lib/thumb/v7-m\libc.a(lib_a-fini.o)
 .debug_frame   0x000003e8       0xb0 c:/ac6/systemworkbench/plugins/fr.ac6.mcu.externaltools.arm-none.win32_1.17.0.201812190825/tools/compiler/bin/../lib/gcc/arm-none-eabi/7.3.1/../../../../arm-none-eabi/lib/thumb/v7-m\libc.a(lib_a-lock.o)
 .debug_frame   0x00000498       0x34 c:/ac6/systemworkbench/plugins/fr.ac6.mcu.externaltools.arm-none.win32_1.17.0.201812190825/tools/compiler/bin/../lib/gcc/arm-none-eabi/7.3.1/../../../../arm-none-eabi/lib/thumb/v7-m\libc.a(lib_a-__atexit.o)
